Traceback (most recent call last):
  File "/opt/hostedtoolcache/Python/3.9.23/x64/lib/python3.9/site-packages/jupyter_core/utils/__init__.py", line 154, in wrapped
    asyncio.get_running_loop()
RuntimeError: no running event loop

During handling of the above exception, another exception occurred:

Traceback (most recent call last):
  File "/opt/hostedtoolcache/Python/3.9.23/x64/lib/python3.9/site-packages/jupyter_cache/executors/utils.py", line 58, in single_nb_execution
    executenb(
  File "/opt/hostedtoolcache/Python/3.9.23/x64/lib/python3.9/site-packages/nbclient/client.py", line 1319, in execute
    return NotebookClient(nb=nb, resources=resources, km=km, **kwargs).execute()
  File "/opt/hostedtoolcache/Python/3.9.23/x64/lib/python3.9/site-packages/jupyter_core/utils/__init__.py", line 158, in wrapped
    return loop.run_until_complete(inner)
  File "/opt/hostedtoolcache/Python/3.9.23/x64/lib/python3.9/asyncio/base_events.py", line 647, in run_until_complete
    return future.result()
  File "/opt/hostedtoolcache/Python/3.9.23/x64/lib/python3.9/site-packages/nbclient/client.py", line 709, in async_execute
    await self.async_execute_cell(
  File "/opt/hostedtoolcache/Python/3.9.23/x64/lib/python3.9/site-packages/nbclient/client.py", line 1062, in async_execute_cell
    await self._check_raise_for_error(cell, cell_index, exec_reply)
  File "/opt/hostedtoolcache/Python/3.9.23/x64/lib/python3.9/site-packages/nbclient/client.py", line 918, in _check_raise_for_error
    raise CellExecutionError.from_cell_and_msg(cell, exec_reply_content)
nbclient.exceptions.CellExecutionError: An error occurred while executing the following cell:
------------------
# get familiar with the structure:

#get modules
import geopandas as gdp
import fiona

#paths 
field_level_file = "../Culturas_PTC.gpkg"
lu_file = "../2023_2024_tables.gpkg"

#field_shapes
layers = fiona.listlayers(field_level_file)

#lu field layer
layers_lu = fiona.listlayers(lu_file)

# #load specific layer:
gdf = gdp.read_file(field_level_file, layer="Culturas_PC_2023")
gdf_lu = gdp.read_file(lu_file, layer="c_castelo_branco_2023")

#are the ids unique?
print(len(gdf_lu['CUL_ID'].unique())) # field id
print(len(gdf_lu['OSA_ID'].unique())) # sub parcel id --> do not fully understand this one, why less?

#create list of only Almond ids
print(gdf_lu.columns) #column names
gdf_lu_almonds = gdf_lu[gdf_lu['PUN_CUL_COD']==109]
almond_fields_lst = gdf_lu_almonds['CUL_ID'].to_list()

# #select field geometries:
almond_fields = gdf[gdf['CUL_ID'].isin(almond_fields_lst)]
almond_fields.to_file("../almonds_2023.geojson", driver="GeoJSON")
------------------


[0;31m---------------------------------------------------------------------------[0m
[0;31mModuleNotFoundError[0m                       Traceback (most recent call last)
Cell [0;32mIn[1], line 4[0m
[1;32m      1[0m [38;5;66;03m# get familiar with the structure:[39;00m
[1;32m      2[0m 
[1;32m      3[0m [38;5;66;03m#get modules[39;00m
[0;32m----> 4[0m [38;5;28;01mimport[39;00m[38;5;250m [39m[38;5;21;01mgeopandas[39;00m[38;5;250m [39m[38;5;28;01mas[39;00m[38;5;250m [39m[38;5;21;01mgdp[39;00m
[1;32m      5[0m [38;5;28;01mimport[39;00m[38;5;250m [39m[38;5;21;01mfiona[39;00m
[1;32m      7[0m [38;5;66;03m#paths [39;00m

[0;31mModuleNotFoundError[0m: No module named 'geopandas'

