Traceback (most recent call last):
  File "/opt/hostedtoolcache/Python/3.9.23/x64/lib/python3.9/site-packages/jupyter_core/utils/__init__.py", line 154, in wrapped
    asyncio.get_running_loop()
RuntimeError: no running event loop

During handling of the above exception, another exception occurred:

Traceback (most recent call last):
  File "/opt/hostedtoolcache/Python/3.9.23/x64/lib/python3.9/site-packages/jupyter_cache/executors/utils.py", line 58, in single_nb_execution
    executenb(
  File "/opt/hostedtoolcache/Python/3.9.23/x64/lib/python3.9/site-packages/nbclient/client.py", line 1319, in execute
    return NotebookClient(nb=nb, resources=resources, km=km, **kwargs).execute()
  File "/opt/hostedtoolcache/Python/3.9.23/x64/lib/python3.9/site-packages/jupyter_core/utils/__init__.py", line 158, in wrapped
    return loop.run_until_complete(inner)
  File "/opt/hostedtoolcache/Python/3.9.23/x64/lib/python3.9/asyncio/base_events.py", line 647, in run_until_complete
    return future.result()
  File "/opt/hostedtoolcache/Python/3.9.23/x64/lib/python3.9/site-packages/nbclient/client.py", line 709, in async_execute
    await self.async_execute_cell(
  File "/opt/hostedtoolcache/Python/3.9.23/x64/lib/python3.9/site-packages/nbclient/client.py", line 1062, in async_execute_cell
    await self._check_raise_for_error(cell, cell_index, exec_reply)
  File "/opt/hostedtoolcache/Python/3.9.23/x64/lib/python3.9/site-packages/nbclient/client.py", line 918, in _check_raise_for_error
    raise CellExecutionError.from_cell_and_msg(cell, exec_reply_content)
nbclient.exceptions.CellExecutionError: An error occurred while executing the following cell:
------------------
import matplotlib.pyplot as plt
import seaborn as sns
import pandas as pd
import numpy as np
import os


# Load ETref
df_ETref = pd.read_csv(
    os.path.join('Data/Evaporation', 'Ref_ET.csv'),
    index_col=0,
    header=0,
    names=['ETref'],
    delimiter=';',
    decimal=','
)
df_ETref.index = pd.to_datetime(df_ETref.index)
df_ETref = df_ETref[~df_ETref.index.duplicated(keep='first')]

# Load Precipitation
df_prec = pd.read_csv(
    os.path.join('Data/Evaporation', 'CHIRPS_Daily_Precipitation.csv'),
    index_col=1,
    header=0
)
df_prec.index = pd.to_datetime(df_prec.index)
df_prec = df_prec.rename(columns={'precip_mm': 'Precip'})  # Optional: rename for clarity

df_prec = df_prec[~df_prec.index.duplicated(keep='first')]
df_prec = df_prec[['Precip']]

# Load NDVI
df_ndvi = pd.read_csv(
    os.path.join('Data/extended', 'NDVI_TimeSeries_PerFeature_ext_vc2.csv'),
    index_col=7,
    header=0
)
df_ndvi.index = pd.to_datetime(df_ndvi.index)
df_ndvi = df_ndvi.rename(columns={'NDVI_mean': 'NDVI'}) if 'NDVI_mean' in df_ndvi.columns else df_ndvi
df_ndvi = df_ndvi[['NDVI']] if 'NDVI' in df_ndvi.columns else df_ndvi.iloc[:, [0]]
df_ndvi = df_ndvi[~df_ndvi.index.duplicated(keep='first')]
df_ndvi = df_ndvi[['NDVI']]

# Merge all on the date index
df_merged = pd.concat([df_ETref, df_prec, df_ndvi], axis=1)

# Sort index (optional but tidy)
df_merged = df_merged.sort_index()

# interpolate NDVI
df_merged['NDVI'][df_merged['NDVI'] < 0.1] = np.nan
df_merged['NDVI'] = df_merged['NDVI'].interpolate()

# select focus
df_merged = df_merged['2018-01-01':'2025-01-01']

df_merged
# Final preview
print(df_merged.head())
print(df_merged.info())
------------------


[0;31m---------------------------------------------------------------------------[0m
[0;31mModuleNotFoundError[0m                       Traceback (most recent call last)
Cell [0;32mIn[1], line 1[0m
[0;32m----> 1[0m [38;5;28;01mimport[39;00m[38;5;250m [39m[38;5;21;01mmatplotlib[39;00m[38;5;21;01m.[39;00m[38;5;21;01mpyplot[39;00m[38;5;250m [39m[38;5;28;01mas[39;00m[38;5;250m [39m[38;5;21;01mplt[39;00m
[1;32m      2[0m [38;5;28;01mimport[39;00m[38;5;250m [39m[38;5;21;01mseaborn[39;00m[38;5;250m [39m[38;5;28;01mas[39;00m[38;5;250m [39m[38;5;21;01msns[39;00m
[1;32m      3[0m [38;5;28;01mimport[39;00m[38;5;250m [39m[38;5;21;01mpandas[39;00m[38;5;250m [39m[38;5;28;01mas[39;00m[38;5;250m [39m[38;5;21;01mpd[39;00m

[0;31mModuleNotFoundError[0m: No module named 'matplotlib'

